// Jest Snapshot v1, https://goo.gl/fbAQLP

exports[`Calculator renders correctly 1`] = `
<div>
  <div
    className="output"
  />
  <div>
    <button
      className="seven"
      onClick={[Function]}
    >
      7
    </button>
    <button
      className="eight"
      onClick={[Function]}
    >
      8
    </button>
    <button
      className="nine"
      onClick={[Function]}
    >
      9
    </button>
    <button
      className="four"
      onClick={[Function]}
    >
      4
    </button>
    <button
      className="five"
      onClick={[Function]}
    >
      5
    </button>
    <button
      className="six"
      onClick={[Function]}
    >
      6
    </button>
    <button
      className="one"
      onClick={[Function]}
    >
      1
    </button>
    <button
      className="two"
      onClick={[Function]}
    >
      2
    </button>
    <button
      className="three"
      onClick={[Function]}
    >
      3
    </button>
    <button
      className="zero"
      onClick={[Function]}
    >
      0
    </button>
    <button
      className="decimal"
      onClick={[Function]}
    >
      .
    </button>
  </div>
  <div>
    <button
      className="divided-by"
      onClick={[Function]}
    >
      รท
    </button>
    <button
      className="multiplied-by"
      onClick={[Function]}
    >
      ร
    </button>
    <button
      className="minus"
      onClick={[Function]}
    >
      -
    </button>
    <button
      className="plus"
      onClick={[Function]}
    >
      +
    </button>
    <button
      className="equals"
      onClick={[Function]}
    >
      =
    </button>
  </div>
</div>
`;
